Archive member included to satisfy reference by file (symbol)

/Applications/STM32CubeIDE.app/Contents/Eclipse/plugins/com.st.stm32cube.ide.mcu.externaltools.gnu-tools-for-stm32.7-2018-q2-update.macos64_1.0.0.201904181610/tools/bin/../lib/gcc/arm-none-eabi/7.3.1/../../../../arm-none-eabi/lib/thumb/v7e-m/libc_nano.a(lib_a-exit.o)
                              /Applications/STM32CubeIDE.app/Contents/Eclipse/plugins/com.st.stm32cube.ide.mcu.externaltools.gnu-tools-for-stm32.7-2018-q2-update.macos64_1.0.0.201904181610/tools/bin/../lib/gcc/arm-none-eabi/7.3.1/../../../../arm-none-eabi/lib/thumb/v7e-m/crt0.o (exit)
/Applications/STM32CubeIDE.app/Contents/Eclipse/plugins/com.st.stm32cube.ide.mcu.externaltools.gnu-tools-for-stm32.7-2018-q2-update.macos64_1.0.0.201904181610/tools/bin/../lib/gcc/arm-none-eabi/7.3.1/../../../../arm-none-eabi/lib/thumb/v7e-m/libc_nano.a(lib_a-impure.o)
                              /Applications/STM32CubeIDE.app/Contents/Eclipse/plugins/com.st.stm32cube.ide.mcu.externaltools.gnu-tools-for-stm32.7-2018-q2-update.macos64_1.0.0.201904181610/tools/bin/../lib/gcc/arm-none-eabi/7.3.1/../../../../arm-none-eabi/lib/thumb/v7e-m/libc_nano.a(lib_a-exit.o) (_global_impure_ptr)
/Applications/STM32CubeIDE.app/Contents/Eclipse/plugins/com.st.stm32cube.ide.mcu.externaltools.gnu-tools-for-stm32.7-2018-q2-update.macos64_1.0.0.201904181610/tools/bin/../lib/gcc/arm-none-eabi/7.3.1/../../../../arm-none-eabi/lib/thumb/v7e-m/libc_nano.a(lib_a-init.o)
                              /Applications/STM32CubeIDE.app/Contents/Eclipse/plugins/com.st.stm32cube.ide.mcu.externaltools.gnu-tools-for-stm32.7-2018-q2-update.macos64_1.0.0.201904181610/tools/bin/../lib/gcc/arm-none-eabi/7.3.1/../../../../arm-none-eabi/lib/thumb/v7e-m/crt0.o (__libc_init_array)
/Applications/STM32CubeIDE.app/Contents/Eclipse/plugins/com.st.stm32cube.ide.mcu.externaltools.gnu-tools-for-stm32.7-2018-q2-update.macos64_1.0.0.201904181610/tools/bin/../lib/gcc/arm-none-eabi/7.3.1/../../../../arm-none-eabi/lib/thumb/v7e-m/libc_nano.a(lib_a-memset.o)
                              /Applications/STM32CubeIDE.app/Contents/Eclipse/plugins/com.st.stm32cube.ide.mcu.externaltools.gnu-tools-for-stm32.7-2018-q2-update.macos64_1.0.0.201904181610/tools/bin/../lib/gcc/arm-none-eabi/7.3.1/../../../../arm-none-eabi/lib/thumb/v7e-m/crt0.o (memset)
/Applications/STM32CubeIDE.app/Contents/Eclipse/plugins/com.st.stm32cube.ide.mcu.externaltools.gnu-tools-for-stm32.7-2018-q2-update.macos64_1.0.0.201904181610/tools/bin/../lib/gcc/arm-none-eabi/7.3.1/../../../../arm-none-eabi/lib/thumb/v7e-m/libc_nano.a(lib_a-strlen.o)
                              Src/006spi_cmd_handling.o (strlen)
/Applications/STM32CubeIDE.app/Contents/Eclipse/plugins/com.st.stm32cube.ide.mcu.externaltools.gnu-tools-for-stm32.7-2018-q2-update.macos64_1.0.0.201904181610/tools/bin/../lib/gcc/arm-none-eabi/7.3.1/../../../../arm-none-eabi/lib/thumb/v7e-m/libnosys.a(_exit.o)
                              /Applications/STM32CubeIDE.app/Contents/Eclipse/plugins/com.st.stm32cube.ide.mcu.externaltools.gnu-tools-for-stm32.7-2018-q2-update.macos64_1.0.0.201904181610/tools/bin/../lib/gcc/arm-none-eabi/7.3.1/../../../../arm-none-eabi/lib/thumb/v7e-m/libc_nano.a(lib_a-exit.o) (_exit)

Discarded input sections

 .text          0x0000000000000000        0x0 /Applications/STM32CubeIDE.app/Contents/Eclipse/plugins/com.st.stm32cube.ide.mcu.externaltools.gnu-tools-for-stm32.7-2018-q2-update.macos64_1.0.0.201904181610/tools/bin/../lib/gcc/arm-none-eabi/7.3.1/thumb/v7e-m/crti.o
 .data          0x0000000000000000        0x0 /Applications/STM32CubeIDE.app/Contents/Eclipse/plugins/com.st.stm32cube.ide.mcu.externaltools.gnu-tools-for-stm32.7-2018-q2-update.macos64_1.0.0.201904181610/tools/bin/../lib/gcc/arm-none-eabi/7.3.1/thumb/v7e-m/crti.o
 .bss           0x0000000000000000        0x0 /Applications/STM32CubeIDE.app/Contents/Eclipse/plugins/com.st.stm32cube.ide.mcu.externaltools.gnu-tools-for-stm32.7-2018-q2-update.macos64_1.0.0.201904181610/tools/bin/../lib/gcc/arm-none-eabi/7.3.1/thumb/v7e-m/crti.o
 .data          0x0000000000000000        0x4 /Applications/STM32CubeIDE.app/Contents/Eclipse/plugins/com.st.stm32cube.ide.mcu.externaltools.gnu-tools-for-stm32.7-2018-q2-update.macos64_1.0.0.201904181610/tools/bin/../lib/gcc/arm-none-eabi/7.3.1/thumb/v7e-m/crtbegin.o
 .text          0x0000000000000000       0x74 /Applications/STM32CubeIDE.app/Contents/Eclipse/plugins/com.st.stm32cube.ide.mcu.externaltools.gnu-tools-for-stm32.7-2018-q2-update.macos64_1.0.0.201904181610/tools/bin/../lib/gcc/arm-none-eabi/7.3.1/../../../../arm-none-eabi/lib/thumb/v7e-m/crt0.o
 .data          0x0000000000000000        0x0 /Applications/STM32CubeIDE.app/Contents/Eclipse/plugins/com.st.stm32cube.ide.mcu.externaltools.gnu-tools-for-stm32.7-2018-q2-update.macos64_1.0.0.201904181610/tools/bin/../lib/gcc/arm-none-eabi/7.3.1/../../../../arm-none-eabi/lib/thumb/v7e-m/crt0.o
 .bss           0x0000000000000000        0x0 /Applications/STM32CubeIDE.app/Contents/Eclipse/plugins/com.st.stm32cube.ide.mcu.externaltools.gnu-tools-for-stm32.7-2018-q2-update.macos64_1.0.0.201904181610/tools/bin/../lib/gcc/arm-none-eabi/7.3.1/../../../../arm-none-eabi/lib/thumb/v7e-m/crt0.o
 .ARM.extab     0x0000000000000000        0x0 /Applications/STM32CubeIDE.app/Contents/Eclipse/plugins/com.st.stm32cube.ide.mcu.externaltools.gnu-tools-for-stm32.7-2018-q2-update.macos64_1.0.0.201904181610/tools/bin/../lib/gcc/arm-none-eabi/7.3.1/../../../../arm-none-eabi/lib/thumb/v7e-m/crt0.o
 .ARM.exidx     0x0000000000000000        0x8 /Applications/STM32CubeIDE.app/Contents/Eclipse/plugins/com.st.stm32cube.ide.mcu.externaltools.gnu-tools-for-stm32.7-2018-q2-update.macos64_1.0.0.201904181610/tools/bin/../lib/gcc/arm-none-eabi/7.3.1/../../../../arm-none-eabi/lib/thumb/v7e-m/crt0.o
 .ARM.attributes
                0x0000000000000000       0x1c /Applications/STM32CubeIDE.app/Contents/Eclipse/plugins/com.st.stm32cube.ide.mcu.externaltools.gnu-tools-for-stm32.7-2018-q2-update.macos64_1.0.0.201904181610/tools/bin/../lib/gcc/arm-none-eabi/7.3.1/../../../../arm-none-eabi/lib/thumb/v7e-m/crt0.o
 .group         0x0000000000000000        0xc Src/006spi_cmd_handling.o
 .group         0x0000000000000000        0xc Src/006spi_cmd_handling.o
 .group         0x0000000000000000        0xc Src/006spi_cmd_handling.o
 .group         0x0000000000000000        0xc Src/006spi_cmd_handling.o
 .group         0x0000000000000000        0xc Src/006spi_cmd_handling.o
 .group         0x0000000000000000        0xc Src/006spi_cmd_handling.o
 .group         0x0000000000000000        0xc Src/006spi_cmd_handling.o
 .group         0x0000000000000000        0xc Src/006spi_cmd_handling.o
 .group         0x0000000000000000        0xc Src/006spi_cmd_handling.o
 .group         0x0000000000000000        0xc Src/006spi_cmd_handling.o
 .group         0x0000000000000000        0xc Src/006spi_cmd_handling.o
 .group         0x0000000000000000        0xc Src/006spi_cmd_handling.o
 .group         0x0000000000000000        0xc Src/006spi_cmd_handling.o
 .group         0x0000000000000000        0xc Src/006spi_cmd_handling.o
 .group         0x0000000000000000        0xc Src/006spi_cmd_handling.o
 .group         0x0000000000000000        0xc Src/006spi_cmd_handling.o
 .group         0x0000000000000000        0xc Src/006spi_cmd_handling.o
 .group         0x0000000000000000        0xc Src/006spi_cmd_handling.o
 .group         0x0000000000000000        0xc Src/006spi_cmd_handling.o
 .group         0x0000000000000000        0xc Src/006spi_cmd_handling.o
 .group         0x0000000000000000        0xc Src/006spi_cmd_handling.o
 .group         0x0000000000000000        0xc Src/006spi_cmd_handling.o
 .group         0x0000000000000000        0xc Src/006spi_cmd_handling.o
 .group         0x0000000000000000        0xc Src/006spi_cmd_handling.o
 .text          0x0000000000000000        0x0 Src/006spi_cmd_handling.o
 .data          0x0000000000000000        0x0 Src/006spi_cmd_handling.o
 .bss           0x0000000000000000        0x0 Src/006spi_cmd_handling.o
 .text          0x0000000000000000       0x14 Startup/startup_stm32f407vgtx.o
 .data          0x0000000000000000        0x0 Startup/startup_stm32f407vgtx.o
 .bss           0x0000000000000000        0x0 Startup/startup_stm32f407vgtx.o
 .group         0x0000000000000000        0xc drivers/src/gpio_driver.o
 .group         0x0000000000000000        0xc drivers/src/gpio_driver.o
 .group         0x0000000000000000        0xc drivers/src/gpio_driver.o
 .group         0x0000000000000000        0xc drivers/src/gpio_driver.o
 .group         0x0000000000000000        0xc drivers/src/gpio_driver.o
 .group         0x0000000000000000        0xc drivers/src/gpio_driver.o
 .group         0x0000000000000000        0xc drivers/src/gpio_driver.o
 .group         0x0000000000000000        0xc drivers/src/gpio_driver.o
 .group         0x0000000000000000        0xc drivers/src/gpio_driver.o
 .text          0x0000000000000000        0x0 drivers/src/gpio_driver.o
 .data          0x0000000000000000        0x0 drivers/src/gpio_driver.o
 .bss           0x0000000000000000        0x0 drivers/src/gpio_driver.o
 .text.GPIO_DeInit
                0x0000000000000000      0x16c drivers/src/gpio_driver.o
 .text.GPIO_ReadFromInputPort
                0x0000000000000000       0x1a drivers/src/gpio_driver.o
 .text.GPIO_WriteToOutputPin
                0x0000000000000000       0x4e drivers/src/gpio_driver.o
 .text.GPIO_WriteToOutputPort
                0x0000000000000000       0x1c drivers/src/gpio_driver.o
 .text.GPIO_ToggleOutputPin
                0x0000000000000000       0x28 drivers/src/gpio_driver.o
 .text.GPIO_IRQ_Interrupt_Config
                0x0000000000000000      0x110 drivers/src/gpio_driver.o
 .text.GPIO_IRQ_Priority_Config
                0x0000000000000000       0x5a drivers/src/gpio_driver.o
 .text.GPIO_IRQHandling
                0x0000000000000000       0x40 drivers/src/gpio_driver.o
 .debug_macro   0x0000000000000000      0xa48 drivers/src/gpio_driver.o
 .debug_macro   0x0000000000000000       0x22 drivers/src/gpio_driver.o
 .debug_macro   0x0000000000000000       0x8e drivers/src/gpio_driver.o
 .debug_macro   0x0000000000000000       0x51 drivers/src/gpio_driver.o
 .debug_macro   0x0000000000000000       0xef drivers/src/gpio_driver.o
 .debug_macro   0x0000000000000000       0x6a drivers/src/gpio_driver.o
 .debug_macro   0x0000000000000000      0x1df drivers/src/gpio_driver.o
 .debug_macro   0x0000000000000000      0x4e8 drivers/src/gpio_driver.o
 .debug_macro   0x0000000000000000       0xf8 drivers/src/gpio_driver.o
 .group         0x0000000000000000        0xc drivers/src/spi_driver.o
 .group         0x0000000000000000        0xc drivers/src/spi_driver.o
 .group         0x0000000000000000        0xc drivers/src/spi_driver.o
 .group         0x0000000000000000        0xc drivers/src/spi_driver.o
 .group         0x0000000000000000        0xc drivers/src/spi_driver.o
 .group         0x0000000000000000        0xc drivers/src/spi_driver.o
 .group         0x0000000000000000        0xc drivers/src/spi_driver.o
 .group         0x0000000000000000        0xc drivers/src/spi_driver.o
 .group         0x0000000000000000        0xc drivers/src/spi_driver.o
 .text          0x0000000000000000        0x0 drivers/src/spi_driver.o
 .data          0x0000000000000000        0x0 drivers/src/spi_driver.o
 .bss           0x0000000000000000        0x0 drivers/src/spi_driver.o
 .text.SPI_ClockControl
                0x0000000000000000       0xb4 drivers/src/spi_driver.o
 .text.SPI_DeInit
                0x0000000000000000       0x88 drivers/src/spi_driver.o
 .text.SPI_SSIConfig
                0x0000000000000000       0x3c drivers/src/spi_driver.o
 .debug_macro   0x0000000000000000      0xa48 drivers/src/spi_driver.o
 .debug_macro   0x0000000000000000       0x22 drivers/src/spi_driver.o
 .debug_macro   0x0000000000000000       0x8e drivers/src/spi_driver.o
 .debug_macro   0x0000000000000000       0x51 drivers/src/spi_driver.o
 .debug_macro   0x0000000000000000       0xef drivers/src/spi_driver.o
 .debug_macro   0x0000000000000000       0x6a drivers/src/spi_driver.o
 .debug_macro   0x0000000000000000      0x1df drivers/src/spi_driver.o
 .debug_macro   0x0000000000000000      0x4e8 drivers/src/spi_driver.o
 .text          0x0000000000000000        0x0 /Applications/STM32CubeIDE.app/Contents/Eclipse/plugins/com.st.stm32cube.ide.mcu.externaltools.gnu-tools-for-stm32.7-2018-q2-update.macos64_1.0.0.201904181610/tools/bin/../lib/gcc/arm-none-eabi/7.3.1/../../../../arm-none-eabi/lib/thumb/v7e-m/libc_nano.a(lib_a-exit.o)
 .data          0x0000000000000000        0x0 /Applications/STM32CubeIDE.app/Contents/Eclipse/plugins/com.st.stm32cube.ide.mcu.externaltools.gnu-tools-for-stm32.7-2018-q2-update.macos64_1.0.0.201904181610/tools/bin/../lib/gcc/arm-none-eabi/7.3.1/../../../../arm-none-eabi/lib/thumb/v7e-m/libc_nano.a(lib_a-exit.o)
 .bss           0x0000000000000000        0x0 /Applications/STM32CubeIDE.app/Contents/Eclipse/plugins/com.st.stm32cube.ide.mcu.externaltools.gnu-tools-for-stm32.7-2018-q2-update.macos64_1.0.0.201904181610/tools/bin/../lib/gcc/arm-none-eabi/7.3.1/../../../../arm-none-eabi/lib/thumb/v7e-m/libc_nano.a(lib_a-exit.o)
 .text.exit     0x0000000000000000       0x28 /Applications/STM32CubeIDE.app/Contents/Eclipse/plugins/com.st.stm32cube.ide.mcu.externaltools.gnu-tools-for-stm32.7-2018-q2-update.macos64_1.0.0.201904181610/tools/bin/../lib/gcc/arm-none-eabi/7.3.1/../../../../arm-none-eabi/lib/thumb/v7e-m/libc_nano.a(lib_a-exit.o)
 .debug_frame   0x0000000000000000       0x28 /Applications/STM32CubeIDE.app/Contents/Eclipse/plugins/com.st.stm32cube.ide.mcu.externaltools.gnu-tools-for-stm32.7-2018-q2-update.macos64_1.0.0.201904181610/tools/bin/../lib/gcc/arm-none-eabi/7.3.1/../../../../arm-none-eabi/lib/thumb/v7e-m/libc_nano.a(lib_a-exit.o)
 .ARM.attributes
                0x0000000000000000       0x2e /Applications/STM32CubeIDE.app/Contents/Eclipse/plugins/com.st.stm32cube.ide.mcu.externaltools.gnu-tools-for-stm32.7-2018-q2-update.macos64_1.0.0.201904181610/tools/bin/../lib/gcc/arm-none-eabi/7.3.1/../../../../arm-none-eabi/lib/thumb/v7e-m/libc_nano.a(lib_a-exit.o)
 .text          0x0000000000000000        0x0 /Applications/STM32CubeIDE.app/Contents/Eclipse/plugins/com.st.stm32cube.ide.mcu.externaltools.gnu-tools-for-stm32.7-2018-q2-update.macos64_1.0.0.201904181610/tools/bin/../lib/gcc/arm-none-eabi/7.3.1/../../../../arm-none-eabi/lib/thumb/v7e-m/libc_nano.a(lib_a-impure.o)
 .data          0x0000000000000000        0x0 /Applications/STM32CubeIDE.app/Contents/Eclipse/plugins/com.st.stm32cube.ide.mcu.externaltools.gnu-tools-for-stm32.7-2018-q2-update.macos64_1.0.0.201904181610/tools/bin/../lib/gcc/arm-none-eabi/7.3.1/../../../../arm-none-eabi/lib/thumb/v7e-m/libc_nano.a(lib_a-impure.o)
 .bss           0x0000000000000000        0x0 /Applications/STM32CubeIDE.app/Contents/Eclipse/plugins/com.st.stm32cube.ide.mcu.externaltools.gnu-tools-for-stm32.7-2018-q2-update.macos64_1.0.0.201904181610/tools/bin/../lib/gcc/arm-none-eabi/7.3.1/../../../../arm-none-eabi/lib/thumb/v7e-m/libc_nano.a(lib_a-impure.o)
 .data._impure_ptr
                0x0000000000000000        0x4 /Applications/STM32CubeIDE.app/Contents/Eclipse/plugins/com.st.stm32cube.ide.mcu.externaltools.gnu-tools-for-stm32.7-2018-q2-update.macos64_1.0.0.201904181610/tools/bin/../lib/gcc/arm-none-eabi/7.3.1/../../../../arm-none-eabi/lib/thumb/v7e-m/libc_nano.a(lib_a-impure.o)
 .data.impure_data
                0x0000000000000000       0x60 /Applications/STM32CubeIDE.app/Contents/Eclipse/plugins/com.st.stm32cube.ide.mcu.externaltools.gnu-tools-for-stm32.7-2018-q2-update.macos64_1.0.0.201904181610/tools/bin/../lib/gcc/arm-none-eabi/7.3.1/../../../../arm-none-eabi/lib/thumb/v7e-m/libc_nano.a(lib_a-impure.o)
 .rodata._global_impure_ptr
                0x0000000000000000        0x4 /Applications/STM32CubeIDE.app/Contents/Eclipse/plugins/com.st.stm32cube.ide.mcu.externaltools.gnu-tools-for-stm32.7-2018-q2-update.macos64_1.0.0.201904181610/tools/bin/../lib/gcc/arm-none-eabi/7.3.1/../../../../arm-none-eabi/lib/thumb/v7e-m/libc_nano.a(lib_a-impure.o)
 .ARM.attributes
                0x0000000000000000       0x2e /Applications/STM32CubeIDE.app/Contents/Eclipse/plugins/com.st.stm32cube.ide.mcu.externaltools.gnu-tools-for-stm32.7-2018-q2-update.macos64_1.0.0.201904181610/tools/bin/../lib/gcc/arm-none-eabi/7.3.1/../../../../arm-none-eabi/lib/thumb/v7e-m/libc_nano.a(lib_a-impure.o)
 .text          0x0000000000000000        0x0 /Applications/STM32CubeIDE.app/Contents/Eclipse/plugins/com.st.stm32cube.ide.mcu.externaltools.gnu-tools-for-stm32.7-2018-q2-update.macos64_1.0.0.201904181610/tools/bin/../lib/gcc/arm-none-eabi/7.3.1/../../../../arm-none-eabi/lib/thumb/v7e-m/libc_nano.a(lib_a-init.o)
 .data          0x0000000000000000        0x0 /Applications/STM32CubeIDE.app/Contents/Eclipse/plugins/com.st.stm32cube.ide.mcu.externaltools.gnu-tools-for-stm32.7-2018-q2-update.macos64_1.0.0.201904181610/tools/bin/../lib/gcc/arm-none-eabi/7.3.1/../../../../arm-none-eabi/lib/thumb/v7e-m/libc_nano.a(lib_a-init.o)
 .bss           0x0000000000000000        0x0 /Applications/STM32CubeIDE.app/Contents/Eclipse/plugins/com.st.stm32cube.ide.mcu.externaltools.gnu-tools-for-stm32.7-2018-q2-update.macos64_1.0.0.201904181610/tools/bin/../lib/gcc/arm-none-eabi/7.3.1/../../../../arm-none-eabi/lib/thumb/v7e-m/libc_nano.a(lib_a-init.o)
 .text          0x0000000000000000        0x0 /Applications/STM32CubeIDE.app/Contents/Eclipse/plugins/com.st.stm32cube.ide.mcu.externaltools.gnu-tools-for-stm32.7-2018-q2-update.macos64_1.0.0.201904181610/tools/bin/../lib/gcc/arm-none-eabi/7.3.1/../../../../arm-none-eabi/lib/thumb/v7e-m/libc_nano.a(lib_a-memset.o)
 .data          0x0000000000000000        0x0 /Applications/STM32CubeIDE.app/Contents/Eclipse/plugins/com.st.stm32cube.ide.mcu.externaltools.gnu-tools-for-stm32.7-2018-q2-update.macos64_1.0.0.201904181610/tools/bin/../lib/gcc/arm-none-eabi/7.3.1/../../../../arm-none-eabi/lib/thumb/v7e-m/libc_nano.a(lib_a-memset.o)
 .bss           0x0000000000000000        0x0 /Applications/STM32CubeIDE.app/Contents/Eclipse/plugins/com.st.stm32cube.ide.mcu.externaltools.gnu-tools-for-stm32.7-2018-q2-update.macos64_1.0.0.201904181610/tools/bin/../lib/gcc/arm-none-eabi/7.3.1/../../../../arm-none-eabi/lib/thumb/v7e-m/libc_nano.a(lib_a-memset.o)
 .text.memset   0x0000000000000000       0x10 /Applications/STM32CubeIDE.app/Contents/Eclipse/plugins/com.st.stm32cube.ide.mcu.externaltools.gnu-tools-for-stm32.7-2018-q2-update.macos64_1.0.0.201904181610/tools/bin/../lib/gcc/arm-none-eabi/7.3.1/../../../../arm-none-eabi/lib/thumb/v7e-m/libc_nano.a(lib_a-memset.o)
 .debug_frame   0x0000000000000000       0x20 /Applications/STM32CubeIDE.app/Contents/Eclipse/plugins/com.st.stm32cube.ide.mcu.externaltools.gnu-tools-for-stm32.7-2018-q2-update.macos64_1.0.0.201904181610/tools/bin/../lib/gcc/arm-none-eabi/7.3.1/../../../../arm-none-eabi/lib/thumb/v7e-m/libc_nano.a(lib_a-memset.o)
 .ARM.attributes
                0x0000000000000000       0x2e /Applications/STM32CubeIDE.app/Contents/Eclipse/plugins/com.st.stm32cube.ide.mcu.externaltools.gnu-tools-for-stm32.7-2018-q2-update.macos64_1.0.0.201904181610/tools/bin/../lib/gcc/arm-none-eabi/7.3.1/../../../../arm-none-eabi/lib/thumb/v7e-m/libc_nano.a(lib_a-memset.o)
 .data          0x0000000000000000        0x0 /Applications/STM32CubeIDE.app/Contents/Eclipse/plugins/com.st.stm32cube.ide.mcu.externaltools.gnu-tools-for-stm32.7-2018-q2-update.macos64_1.0.0.201904181610/tools/bin/../lib/gcc/arm-none-eabi/7.3.1/../../../../arm-none-eabi/lib/thumb/v7e-m/libc_nano.a(lib_a-strlen.o)
 .bss           0x0000000000000000        0x0 /Applications/STM32CubeIDE.app/Contents/Eclipse/plugins/com.st.stm32cube.ide.mcu.externaltools.gnu-tools-for-stm32.7-2018-q2-update.macos64_1.0.0.201904181610/tools/bin/../lib/gcc/arm-none-eabi/7.3.1/../../../../arm-none-eabi/lib/thumb/v7e-m/libc_nano.a(lib_a-strlen.o)
 .text          0x0000000000000000        0x0 /Applications/STM32CubeIDE.app/Contents/Eclipse/plugins/com.st.stm32cube.ide.mcu.externaltools.gnu-tools-for-stm32.7-2018-q2-update.macos64_1.0.0.201904181610/tools/bin/../lib/gcc/arm-none-eabi/7.3.1/../../../../arm-none-eabi/lib/thumb/v7e-m/libnosys.a(_exit.o)
 .data          0x0000000000000000        0x0 /Applications/STM32CubeIDE.app/Contents/Eclipse/plugins/com.st.stm32cube.ide.mcu.externaltools.gnu-tools-for-stm32.7-2018-q2-update.macos64_1.0.0.201904181610/tools/bin/../lib/gcc/arm-none-eabi/7.3.1/../../../../arm-none-eabi/lib/thumb/v7e-m/libnosys.a(_exit.o)
 .bss           0x0000000000000000        0x0 /Applications/STM32CubeIDE.app/Contents/Eclipse/plugins/com.st.stm32cube.ide.mcu.externaltools.gnu-tools-for-stm32.7-2018-q2-update.macos64_1.0.0.201904181610/tools/bin/../lib/gcc/arm-none-eabi/7.3.1/../../../../arm-none-eabi/lib/thumb/v7e-m/libnosys.a(_exit.o)
 .text._exit    0x0000000000000000        0x2 /Applications/STM32CubeIDE.app/Contents/Eclipse/plugins/com.st.stm32cube.ide.mcu.externaltools.gnu-tools-for-stm32.7-2018-q2-update.macos64_1.0.0.201904181610/tools/bin/../lib/gcc/arm-none-eabi/7.3.1/../../../../arm-none-eabi/lib/thumb/v7e-m/libnosys.a(_exit.o)
 .debug_frame   0x0000000000000000       0x20 /Applications/STM32CubeIDE.app/Contents/Eclipse/plugins/com.st.stm32cube.ide.mcu.externaltools.gnu-tools-for-stm32.7-2018-q2-update.macos64_1.0.0.201904181610/tools/bin/../lib/gcc/arm-none-eabi/7.3.1/../../../../arm-none-eabi/lib/thumb/v7e-m/libnosys.a(_exit.o)
 .ARM.attributes
                0x0000000000000000       0x2e /Applications/STM32CubeIDE.app/Contents/Eclipse/plugins/com.st.stm32cube.ide.mcu.externaltools.gnu-tools-for-stm32.7-2018-q2-update.macos64_1.0.0.201904181610/tools/bin/../lib/gcc/arm-none-eabi/7.3.1/../../../../arm-none-eabi/lib/thumb/v7e-m/libnosys.a(_exit.o)
 .text          0x0000000000000000        0x0 /Applications/STM32CubeIDE.app/Contents/Eclipse/plugins/com.st.stm32cube.ide.mcu.externaltools.gnu-tools-for-stm32.7-2018-q2-update.macos64_1.0.0.201904181610/tools/bin/../lib/gcc/arm-none-eabi/7.3.1/thumb/v7e-m/crtend.o
 .data          0x0000000000000000        0x0 /Applications/STM32CubeIDE.app/Contents/Eclipse/plugins/com.st.stm32cube.ide.mcu.externaltools.gnu-tools-for-stm32.7-2018-q2-update.macos64_1.0.0.201904181610/tools/bin/../lib/gcc/arm-none-eabi/7.3.1/thumb/v7e-m/crtend.o
 .bss           0x0000000000000000        0x0 /Applications/STM32CubeIDE.app/Contents/Eclipse/plugins/com.st.stm32cube.ide.mcu.externaltools.gnu-tools-for-stm32.7-2018-q2-update.macos64_1.0.0.201904181610/tools/bin/../lib/gcc/arm-none-eabi/7.3.1/thumb/v7e-m/crtend.o
 .eh_frame      0x0000000000000000        0x4 /Applications/STM32CubeIDE.app/Contents/Eclipse/plugins/com.st.stm32cube.ide.mcu.externaltools.gnu-tools-for-stm32.7-2018-q2-update.macos64_1.0.0.201904181610/tools/bin/../lib/gcc/arm-none-eabi/7.3.1/thumb/v7e-m/crtend.o
 .ARM.attributes
                0x0000000000000000       0x2e /Applications/STM32CubeIDE.app/Contents/Eclipse/plugins/com.st.stm32cube.ide.mcu.externaltools.gnu-tools-for-stm32.7-2018-q2-update.macos64_1.0.0.201904181610/tools/bin/../lib/gcc/arm-none-eabi/7.3.1/thumb/v7e-m/crtend.o
 .text          0x0000000000000000        0x0 /Applications/STM32CubeIDE.app/Contents/Eclipse/plugins/com.st.stm32cube.ide.mcu.externaltools.gnu-tools-for-stm32.7-2018-q2-update.macos64_1.0.0.201904181610/tools/bin/../lib/gcc/arm-none-eabi/7.3.1/thumb/v7e-m/crtn.o
 .data          0x0000000000000000        0x0 /Applications/STM32CubeIDE.app/Contents/Eclipse/plugins/com.st.stm32cube.ide.mcu.externaltools.gnu-tools-for-stm32.7-2018-q2-update.macos64_1.0.0.201904181610/tools/bin/../lib/gcc/arm-none-eabi/7.3.1/thumb/v7e-m/crtn.o
 .bss           0x0000000000000000        0x0 /Applications/STM32CubeIDE.app/Contents/Eclipse/plugins/com.st.stm32cube.ide.mcu.externaltools.gnu-tools-for-stm32.7-2018-q2-update.macos64_1.0.0.201904181610/tools/bin/../lib/gcc/arm-none-eabi/7.3.1/thumb/v7e-m/crtn.o

Memory Configuration

Name             Origin             Length             Attributes
RAM              0x0000000020000000 0x0000000000020000 xrw
ROM              0x0000000008000000 0x0000000000100000 xr
*default*        0x0000000000000000 0xffffffffffffffff

Linker script and memory map

LOAD /Applications/STM32CubeIDE.app/Contents/Eclipse/plugins/com.st.stm32cube.ide.mcu.externaltools.gnu-tools-for-stm32.7-2018-q2-update.macos64_1.0.0.201904181610/tools/bin/../lib/gcc/arm-none-eabi/7.3.1/thumb/v7e-m/crti.o
LOAD /Applications/STM32CubeIDE.app/Contents/Eclipse/plugins/com.st.stm32cube.ide.mcu.externaltools.gnu-tools-for-stm32.7-2018-q2-update.macos64_1.0.0.201904181610/tools/bin/../lib/gcc/arm-none-eabi/7.3.1/thumb/v7e-m/crtbegin.o
LOAD /Applications/STM32CubeIDE.app/Contents/Eclipse/plugins/com.st.stm32cube.ide.mcu.externaltools.gnu-tools-for-stm32.7-2018-q2-update.macos64_1.0.0.201904181610/tools/bin/../lib/gcc/arm-none-eabi/7.3.1/../../../../arm-none-eabi/lib/thumb/v7e-m/crt0.o
LOAD Src/006spi_cmd_handling.o
LOAD Startup/startup_stm32f407vgtx.o
LOAD drivers/src/gpio_driver.o
LOAD drivers/src/spi_driver.o
START GROUP
LOAD /Applications/STM32CubeIDE.app/Contents/Eclipse/plugins/com.st.stm32cube.ide.mcu.externaltools.gnu-tools-for-stm32.7-2018-q2-update.macos64_1.0.0.201904181610/tools/bin/../lib/gcc/arm-none-eabi/7.3.1/../../../../arm-none-eabi/lib/thumb/v7e-m/libc_nano.a
LOAD /Applications/STM32CubeIDE.app/Contents/Eclipse/plugins/com.st.stm32cube.ide.mcu.externaltools.gnu-tools-for-stm32.7-2018-q2-update.macos64_1.0.0.201904181610/tools/bin/../lib/gcc/arm-none-eabi/7.3.1/../../../../arm-none-eabi/lib/thumb/v7e-m/libm.a
END GROUP
START GROUP
LOAD /Applications/STM32CubeIDE.app/Contents/Eclipse/plugins/com.st.stm32cube.ide.mcu.externaltools.gnu-tools-for-stm32.7-2018-q2-update.macos64_1.0.0.201904181610/tools/bin/../lib/gcc/arm-none-eabi/7.3.1/thumb/v7e-m/libgcc.a
LOAD /Applications/STM32CubeIDE.app/Contents/Eclipse/plugins/com.st.stm32cube.ide.mcu.externaltools.gnu-tools-for-stm32.7-2018-q2-update.macos64_1.0.0.201904181610/tools/bin/../lib/gcc/arm-none-eabi/7.3.1/../../../../arm-none-eabi/lib/thumb/v7e-m/libc_nano.a
END GROUP
START GROUP
LOAD /Applications/STM32CubeIDE.app/Contents/Eclipse/plugins/com.st.stm32cube.ide.mcu.externaltools.gnu-tools-for-stm32.7-2018-q2-update.macos64_1.0.0.201904181610/tools/bin/../lib/gcc/arm-none-eabi/7.3.1/thumb/v7e-m/libgcc.a
LOAD /Applications/STM32CubeIDE.app/Contents/Eclipse/plugins/com.st.stm32cube.ide.mcu.externaltools.gnu-tools-for-stm32.7-2018-q2-update.macos64_1.0.0.201904181610/tools/bin/../lib/gcc/arm-none-eabi/7.3.1/../../../../arm-none-eabi/lib/thumb/v7e-m/libc_nano.a
LOAD /Applications/STM32CubeIDE.app/Contents/Eclipse/plugins/com.st.stm32cube.ide.mcu.externaltools.gnu-tools-for-stm32.7-2018-q2-update.macos64_1.0.0.201904181610/tools/bin/../lib/gcc/arm-none-eabi/7.3.1/../../../../arm-none-eabi/lib/thumb/v7e-m/libnosys.a
END GROUP
START GROUP
LOAD /Applications/STM32CubeIDE.app/Contents/Eclipse/plugins/com.st.stm32cube.ide.mcu.externaltools.gnu-tools-for-stm32.7-2018-q2-update.macos64_1.0.0.201904181610/tools/bin/../lib/gcc/arm-none-eabi/7.3.1/thumb/v7e-m/libgcc.a
LOAD /Applications/STM32CubeIDE.app/Contents/Eclipse/plugins/com.st.stm32cube.ide.mcu.externaltools.gnu-tools-for-stm32.7-2018-q2-update.macos64_1.0.0.201904181610/tools/bin/../lib/gcc/arm-none-eabi/7.3.1/../../../../arm-none-eabi/lib/thumb/v7e-m/libc_nano.a
LOAD /Applications/STM32CubeIDE.app/Contents/Eclipse/plugins/com.st.stm32cube.ide.mcu.externaltools.gnu-tools-for-stm32.7-2018-q2-update.macos64_1.0.0.201904181610/tools/bin/../lib/gcc/arm-none-eabi/7.3.1/../../../../arm-none-eabi/lib/thumb/v7e-m/libnosys.a
END GROUP
LOAD /Applications/STM32CubeIDE.app/Contents/Eclipse/plugins/com.st.stm32cube.ide.mcu.externaltools.gnu-tools-for-stm32.7-2018-q2-update.macos64_1.0.0.201904181610/tools/bin/../lib/gcc/arm-none-eabi/7.3.1/thumb/v7e-m/crtend.o
LOAD /Applications/STM32CubeIDE.app/Contents/Eclipse/plugins/com.st.stm32cube.ide.mcu.externaltools.gnu-tools-for-stm32.7-2018-q2-update.macos64_1.0.0.201904181610/tools/bin/../lib/gcc/arm-none-eabi/7.3.1/thumb/v7e-m/crtn.o
                0x0000000020020000                _estack = (ORIGIN (RAM) + LENGTH (RAM))
                0x0000000000000200                _Min_Heap_Size = 0x200
                0x0000000000000400                _Min_Stack_Size = 0x400

.isr_vector     0x0000000008000000      0x1a8
                0x0000000008000000                . = ALIGN (0x4)
 *(.isr_vector)
 .isr_vector    0x0000000008000000      0x1a8 Startup/startup_stm32f407vgtx.o
                0x0000000008000000                g_pfnVectors
                0x00000000080001a8                . = ALIGN (0x4)

.text           0x00000000080001a8      0xd30
                0x00000000080001a8                . = ALIGN (0x4)
 *(.text)
 .text          0x00000000080001a8       0x40 /Applications/STM32CubeIDE.app/Contents/Eclipse/plugins/com.st.stm32cube.ide.mcu.externaltools.gnu-tools-for-stm32.7-2018-q2-update.macos64_1.0.0.201904181610/tools/bin/../lib/gcc/arm-none-eabi/7.3.1/thumb/v7e-m/crtbegin.o
 .text          0x00000000080001e8       0x10 /Applications/STM32CubeIDE.app/Contents/Eclipse/plugins/com.st.stm32cube.ide.mcu.externaltools.gnu-tools-for-stm32.7-2018-q2-update.macos64_1.0.0.201904181610/tools/bin/../lib/gcc/arm-none-eabi/7.3.1/../../../../arm-none-eabi/lib/thumb/v7e-m/libc_nano.a(lib_a-strlen.o)
                0x00000000080001e8                strlen
 *(.text*)
 .text.SPI2_Inits
                0x00000000080001f8       0x4c Src/006spi_cmd_handling.o
                0x00000000080001f8                SPI2_Inits
 .text.SPI2_GPIOInits
                0x0000000008000244       0x6c Src/006spi_cmd_handling.o
                0x0000000008000244                SPI2_GPIOInits
 .text.GPIO_ButtonInits
                0x00000000080002b0       0x38 Src/006spi_cmd_handling.o
                0x00000000080002b0                GPIO_ButtonInits
 .text.Delay    0x00000000080002e8       0x28 Src/006spi_cmd_handling.o
                0x00000000080002e8                Delay
 .text.SPI_VerifyResponse
                0x0000000008000310       0x20 Src/006spi_cmd_handling.o
                0x0000000008000310                SPI_VerifyResponse
 .text.main     0x0000000008000330      0x35c Src/006spi_cmd_handling.o
                0x0000000008000330                main
 .text.Reset_Handler
                0x000000000800068c       0x50 Startup/startup_stm32f407vgtx.o
                0x000000000800068c                Reset_Handler
 .text.Default_Handler
                0x00000000080006dc        0x2 Startup/startup_stm32f407vgtx.o
                0x00000000080006dc                DMA1_Stream3_IRQHandler
                0x00000000080006dc                HASH_RNG_IRQHandler
                0x00000000080006dc                EXTI2_IRQHandler
                0x00000000080006dc                TIM8_CC_IRQHandler
                0x00000000080006dc                DebugMon_Handler
                0x00000000080006dc                TIM1_CC_IRQHandler
                0x00000000080006dc                DMA2_Stream5_IRQHandler
                0x00000000080006dc                HardFault_Handler
                0x00000000080006dc                DMA1_Stream5_IRQHandler
                0x00000000080006dc                SysTick_Handler
                0x00000000080006dc                PVD_IRQHandler
                0x00000000080006dc                SDIO_IRQHandler
                0x00000000080006dc                TAMP_STAMP_IRQHandler
                0x00000000080006dc                PendSV_Handler
                0x00000000080006dc                NMI_Handler
                0x00000000080006dc                CAN2_RX1_IRQHandler
                0x00000000080006dc                EXTI3_IRQHandler
                0x00000000080006dc                TIM8_TRG_COM_TIM14_IRQHandler
                0x00000000080006dc                TIM1_UP_TIM10_IRQHandler
                0x00000000080006dc                TIM8_UP_TIM13_IRQHandler
                0x00000000080006dc                I2C3_ER_IRQHandler
                0x00000000080006dc                LCD_TFT_IRQHandler
                0x00000000080006dc                EXTI0_IRQHandler
                0x00000000080006dc                I2C2_EV_IRQHandler
                0x00000000080006dc                DMA1_Stream2_IRQHandler
                0x00000000080006dc                CAN1_RX0_IRQHandler
                0x00000000080006dc                FPU_IRQHandler
                0x00000000080006dc                OTG_HS_WKUP_IRQHandler
                0x00000000080006dc                UsageFault_Handler
                0x00000000080006dc                CAN2_SCE_IRQHandler
                0x00000000080006dc                DMA2_Stream2_IRQHandler
                0x00000000080006dc                SPI1_IRQHandler
                0x00000000080006dc                TIM6_DAC_IRQHandler
                0x00000000080006dc                TIM1_BRK_TIM9_IRQHandler
                0x00000000080006dc                DCMI_IRQHandler
                0x00000000080006dc                CAN2_RX0_IRQHandler
                0x00000000080006dc                DMA2_Stream3_IRQHandler
                0x00000000080006dc                USART6_IRQHandler
                0x00000000080006dc                USART3_IRQHandler
                0x00000000080006dc                CRYP_IRQHandler
                0x00000000080006dc                CAN1_RX1_IRQHandler
                0x00000000080006dc                UART5_IRQHandler
                0x00000000080006dc                DMA2_Stream0_IRQHandler
                0x00000000080006dc                TIM4_IRQHandler
                0x00000000080006dc                I2C1_EV_IRQHandler
                0x00000000080006dc                DMA1_Stream6_IRQHandler
                0x00000000080006dc                DMA1_Stream1_IRQHandler
                0x00000000080006dc                UART4_IRQHandler
                0x00000000080006dc                LCD_TFT_1_IRQHandler
                0x00000000080006dc                TIM3_IRQHandler
                0x00000000080006dc                RCC_IRQHandler
                0x00000000080006dc                TIM8_BRK_TIM12_IRQHandler
                0x00000000080006dc                Default_Handler
                0x00000000080006dc                EXTI15_10_IRQHandler
                0x00000000080006dc                ADC_IRQHandler
                0x00000000080006dc                DMA1_Stream7_IRQHandler
                0x00000000080006dc                TIM7_IRQHandler
                0x00000000080006dc                CAN2_TX_IRQHandler
                0x00000000080006dc                TIM5_IRQHandler
                0x00000000080006dc                DMA2_Stream7_IRQHandler
                0x00000000080006dc                I2C3_EV_IRQHandler
                0x00000000080006dc                EXTI9_5_IRQHandler
                0x00000000080006dc                RTC_WKUP_IRQHandler
                0x00000000080006dc                ETH_WKUP_IRQHandler
                0x00000000080006dc                SPI2_IRQHandler
                0x00000000080006dc                OTG_HS_EP1_IN_IRQHandler
                0x00000000080006dc                MemManage_Handler
                0x00000000080006dc                DMA1_Stream0_IRQHandler
                0x00000000080006dc                CAN1_TX_IRQHandler
                0x00000000080006dc                SVC_Handler
                0x00000000080006dc                EXTI4_IRQHandler
                0x00000000080006dc                FSMC_IRQHandler
                0x00000000080006dc                ETH_IRQHandler
                0x00000000080006dc                OTG_HS_EP1_OUT_IRQHandler
                0x00000000080006dc                WWDG_IRQHandler
                0x00000000080006dc                TIM2_IRQHandler
                0x00000000080006dc                OTG_FS_WKUP_IRQHandler
                0x00000000080006dc                TIM1_TRG_COM_TIM11_IRQHandler
                0x00000000080006dc                OTG_HS_IRQHandler
                0x00000000080006dc                EXTI1_IRQHandler
                0x00000000080006dc                USART2_IRQHandler
                0x00000000080006dc                I2C2_ER_IRQHandler
                0x00000000080006dc                DMA2_Stream1_IRQHandler
                0x00000000080006dc                CAN1_SCE_IRQHandler
                0x00000000080006dc                DMA2_Stream4_IRQHandler
                0x00000000080006dc                BusFault_Handler
                0x00000000080006dc                USART1_IRQHandler
                0x00000000080006dc                OTG_FS_IRQHandler
                0x00000000080006dc                SPI3_IRQHandler
                0x00000000080006dc                DMA1_Stream4_IRQHandler
                0x00000000080006dc                I2C1_ER_IRQHandler
                0x00000000080006dc                DMA2_Stream6_IRQHandler
                0x00000000080006dc                RTC_Alarm_IRQHandler
 *fill*         0x00000000080006de        0x2 
 .text.GPIO_ClockControl
                0x00000000080006e0      0x1d4 drivers/src/gpio_driver.o
                0x00000000080006e0                GPIO_ClockControl
 .text.GPIO_Init
                0x00000000080008b4      0x35c drivers/src/gpio_driver.o
                0x00000000080008b4                GPIO_Init
 .text.GPIO_ReadFromInputPin
                0x0000000008000c10       0x2a drivers/src/gpio_driver.o
                0x0000000008000c10                GPIO_ReadFromInputPin
 .text.SPI_Init
                0x0000000008000c3a       0xc6 drivers/src/spi_driver.o
                0x0000000008000c3a                SPI_Init
 .text.SPI_PeripheralControl
                0x0000000008000d00       0x3c drivers/src/spi_driver.o
                0x0000000008000d00                SPI_PeripheralControl
 .text.SPI_SSOEConfig
                0x0000000008000d3c       0x3c drivers/src/spi_driver.o
                0x0000000008000d3c                SPI_SSOEConfig
 .text.SPI_GetFlagStatus
                0x0000000008000d78       0x26 drivers/src/spi_driver.o
                0x0000000008000d78                SPI_GetFlagStatus
 .text.SPI_SendData
                0x0000000008000d9e       0x6c drivers/src/spi_driver.o
                0x0000000008000d9e                SPI_SendData
 .text.SPI_ReceiveData
                0x0000000008000e0a       0x6c drivers/src/spi_driver.o
                0x0000000008000e0a                SPI_ReceiveData
 *fill*         0x0000000008000e76        0x2 
 .text.__libc_init_array
                0x0000000008000e78       0x48 /Applications/STM32CubeIDE.app/Contents/Eclipse/plugins/com.st.stm32cube.ide.mcu.externaltools.gnu-tools-for-stm32.7-2018-q2-update.macos64_1.0.0.201904181610/tools/bin/../lib/gcc/arm-none-eabi/7.3.1/../../../../arm-none-eabi/lib/thumb/v7e-m/libc_nano.a(lib_a-init.o)
                0x0000000008000e78                __libc_init_array
 *(.glue_7)
 .glue_7        0x0000000008000ec0        0x0 linker stubs
 *(.glue_7t)
 .glue_7t       0x0000000008000ec0        0x0 linker stubs
 *(.eh_frame)
 .eh_frame      0x0000000008000ec0        0x0 /Applications/STM32CubeIDE.app/Contents/Eclipse/plugins/com.st.stm32cube.ide.mcu.externaltools.gnu-tools-for-stm32.7-2018-q2-update.macos64_1.0.0.201904181610/tools/bin/../lib/gcc/arm-none-eabi/7.3.1/thumb/v7e-m/crtbegin.o
 *(.init)
 .init          0x0000000008000ec0        0x4 /Applications/STM32CubeIDE.app/Contents/Eclipse/plugins/com.st.stm32cube.ide.mcu.externaltools.gnu-tools-for-stm32.7-2018-q2-update.macos64_1.0.0.201904181610/tools/bin/../lib/gcc/arm-none-eabi/7.3.1/thumb/v7e-m/crti.o
                0x0000000008000ec0                _init
 .init          0x0000000008000ec4        0x8 /Applications/STM32CubeIDE.app/Contents/Eclipse/plugins/com.st.stm32cube.ide.mcu.externaltools.gnu-tools-for-stm32.7-2018-q2-update.macos64_1.0.0.201904181610/tools/bin/../lib/gcc/arm-none-eabi/7.3.1/thumb/v7e-m/crtn.o
 *(.fini)
 .fini          0x0000000008000ecc        0x4 /Applications/STM32CubeIDE.app/Contents/Eclipse/plugins/com.st.stm32cube.ide.mcu.externaltools.gnu-tools-for-stm32.7-2018-q2-update.macos64_1.0.0.201904181610/tools/bin/../lib/gcc/arm-none-eabi/7.3.1/thumb/v7e-m/crti.o
                0x0000000008000ecc                _fini
 .fini          0x0000000008000ed0        0x8 /Applications/STM32CubeIDE.app/Contents/Eclipse/plugins/com.st.stm32cube.ide.mcu.externaltools.gnu-tools-for-stm32.7-2018-q2-update.macos64_1.0.0.201904181610/tools/bin/../lib/gcc/arm-none-eabi/7.3.1/thumb/v7e-m/crtn.o
                0x0000000008000ed8                . = ALIGN (0x4)
                0x0000000008000ed8                _etext = .

.vfp11_veneer   0x0000000008000ed8        0x0
 .vfp11_veneer  0x0000000008000ed8        0x0 linker stubs

.v4_bx          0x0000000008000ed8        0x0
 .v4_bx         0x0000000008000ed8        0x0 linker stubs

.iplt           0x0000000008000ed8        0x0
 .iplt          0x0000000008000ed8        0x0 /Applications/STM32CubeIDE.app/Contents/Eclipse/plugins/com.st.stm32cube.ide.mcu.externaltools.gnu-tools-for-stm32.7-2018-q2-update.macos64_1.0.0.201904181610/tools/bin/../lib/gcc/arm-none-eabi/7.3.1/thumb/v7e-m/crtbegin.o

.rodata         0x0000000008000ed8       0x18
                0x0000000008000ed8                . = ALIGN (0x4)
 *(.rodata)
 .rodata        0x0000000008000ed8       0x18 Src/006spi_cmd_handling.o
 *(.rodata*)
                0x0000000008000ef0                . = ALIGN (0x4)

.rel.dyn        0x0000000008000ef0        0x0
 .rel.iplt      0x0000000008000ef0        0x0 /Applications/STM32CubeIDE.app/Contents/Eclipse/plugins/com.st.stm32cube.ide.mcu.externaltools.gnu-tools-for-stm32.7-2018-q2-update.macos64_1.0.0.201904181610/tools/bin/../lib/gcc/arm-none-eabi/7.3.1/thumb/v7e-m/crtbegin.o

.ARM.extab      0x0000000008000ef0        0x0
                0x0000000008000ef0                . = ALIGN (0x4)
 *(.ARM.extab* .gnu.linkonce.armextab.*)
                0x0000000008000ef0                . = ALIGN (0x4)

.ARM            0x0000000008000ef0        0x0
                0x0000000008000ef0                . = ALIGN (0x4)
                0x0000000008000ef0                __exidx_start = .
 *(.ARM.exidx*)
                0x0000000008000ef0                __exidx_end = .
                0x0000000008000ef0                . = ALIGN (0x4)

.preinit_array  0x0000000008000ef0        0x0
                0x0000000008000ef0                . = ALIGN (0x4)
                0x0000000008000ef0                PROVIDE (__preinit_array_start = .)
 *(.preinit_array*)
                0x0000000008000ef0                PROVIDE (__preinit_array_end = .)
                0x0000000008000ef0                . = ALIGN (0x4)

.init_array     0x0000000008000ef0        0x4
                0x0000000008000ef0                . = ALIGN (0x4)
                0x0000000008000ef0                PROVIDE (__init_array_start = .)
 *(SORT_BY_NAME(.init_array.*))
 *(.init_array*)
 .init_array    0x0000000008000ef0        0x4 /Applications/STM32CubeIDE.app/Contents/Eclipse/plugins/com.st.stm32cube.ide.mcu.externaltools.gnu-tools-for-stm32.7-2018-q2-update.macos64_1.0.0.201904181610/tools/bin/../lib/gcc/arm-none-eabi/7.3.1/thumb/v7e-m/crtbegin.o
                0x0000000008000ef4                PROVIDE (__init_array_end = .)
                0x0000000008000ef4                . = ALIGN (0x4)

.fini_array     0x0000000008000ef4        0x4
                0x0000000008000ef4                . = ALIGN (0x4)
                [!provide]                        PROVIDE (__fini_array_start = .)
 *(SORT_BY_NAME(.fini_array.*))
 *(.fini_array*)
 .fini_array    0x0000000008000ef4        0x4 /Applications/STM32CubeIDE.app/Contents/Eclipse/plugins/com.st.stm32cube.ide.mcu.externaltools.gnu-tools-for-stm32.7-2018-q2-update.macos64_1.0.0.201904181610/tools/bin/../lib/gcc/arm-none-eabi/7.3.1/thumb/v7e-m/crtbegin.o
                [!provide]                        PROVIDE (__fini_array_end = .)
                0x0000000008000ef8                . = ALIGN (0x4)
                0x0000000008000ef8                _sidata = LOADADDR (.data)

.data           0x0000000020000000        0x0 load address 0x0000000008000ef8
                0x0000000020000000                . = ALIGN (0x4)
                0x0000000020000000                _sdata = .
 *(.data)
 *(.data*)
                0x0000000020000000                . = ALIGN (0x4)
                0x0000000020000000                _edata = .

.igot.plt       0x0000000020000000        0x0 load address 0x0000000008000ef8
 .igot.plt      0x0000000020000000        0x0 /Applications/STM32CubeIDE.app/Contents/Eclipse/plugins/com.st.stm32cube.ide.mcu.externaltools.gnu-tools-for-stm32.7-2018-q2-update.macos64_1.0.0.201904181610/tools/bin/../lib/gcc/arm-none-eabi/7.3.1/thumb/v7e-m/crtbegin.o
                0x0000000020000000                . = ALIGN (0x4)

.bss            0x0000000020000000       0x1c load address 0x0000000008000ef8
                0x0000000020000000                _sbss = .
                0x0000000020000000                __bss_start__ = _sbss
 *(.bss)
 .bss           0x0000000020000000       0x1c /Applications/STM32CubeIDE.app/Contents/Eclipse/plugins/com.st.stm32cube.ide.mcu.externaltools.gnu-tools-for-stm32.7-2018-q2-update.macos64_1.0.0.201904181610/tools/bin/../lib/gcc/arm-none-eabi/7.3.1/thumb/v7e-m/crtbegin.o
 *(.bss*)
 *(COMMON)
                0x000000002000001c                . = ALIGN (0x4)
                0x000000002000001c                _ebss = .
                0x000000002000001c                __bss_end__ = _ebss

._user_heap_stack
                0x000000002000001c      0x604 load address 0x0000000008000ef8
                0x0000000020000020                . = ALIGN (0x8)
 *fill*         0x000000002000001c        0x4 
                [!provide]                        PROVIDE (end = .)
                [!provide]                        PROVIDE (_end = .)
                0x0000000020000220                . = (. + _Min_Heap_Size)
 *fill*         0x0000000020000020      0x200 
                0x0000000020000620                . = (. + _Min_Stack_Size)
 *fill*         0x0000000020000220      0x400 
                0x0000000020000620                . = ALIGN (0x8)

/DISCARD/
 libc.a(*)
 libm.a(*)
 libgcc.a(*)

.ARM.attributes
                0x0000000000000000       0x2a
 *(.ARM.attributes)
 .ARM.attributes
                0x0000000000000000       0x1e /Applications/STM32CubeIDE.app/Contents/Eclipse/plugins/com.st.stm32cube.ide.mcu.externaltools.gnu-tools-for-stm32.7-2018-q2-update.macos64_1.0.0.201904181610/tools/bin/../lib/gcc/arm-none-eabi/7.3.1/thumb/v7e-m/crti.o
 .ARM.attributes
                0x000000000000001e       0x2e /Applications/STM32CubeIDE.app/Contents/Eclipse/plugins/com.st.stm32cube.ide.mcu.externaltools.gnu-tools-for-stm32.7-2018-q2-update.macos64_1.0.0.201904181610/tools/bin/../lib/gcc/arm-none-eabi/7.3.1/thumb/v7e-m/crtbegin.o
 .ARM.attributes
                0x000000000000004c       0x33 Src/006spi_cmd_handling.o
 .ARM.attributes
                0x000000000000007f       0x21 Startup/startup_stm32f407vgtx.o
 .ARM.attributes
                0x00000000000000a0       0x33 drivers/src/gpio_driver.o
 .ARM.attributes
                0x00000000000000d3       0x33 drivers/src/spi_driver.o
 .ARM.attributes
                0x0000000000000106       0x2e /Applications/STM32CubeIDE.app/Contents/Eclipse/plugins/com.st.stm32cube.ide.mcu.externaltools.gnu-tools-for-stm32.7-2018-q2-update.macos64_1.0.0.201904181610/tools/bin/../lib/gcc/arm-none-eabi/7.3.1/../../../../arm-none-eabi/lib/thumb/v7e-m/libc_nano.a(lib_a-init.o)
 .ARM.attributes
                0x0000000000000134       0x17 /Applications/STM32CubeIDE.app/Contents/Eclipse/plugins/com.st.stm32cube.ide.mcu.externaltools.gnu-tools-for-stm32.7-2018-q2-update.macos64_1.0.0.201904181610/tools/bin/../lib/gcc/arm-none-eabi/7.3.1/../../../../arm-none-eabi/lib/thumb/v7e-m/libc_nano.a(lib_a-strlen.o)
 .ARM.attributes
                0x000000000000014b       0x1e /Applications/STM32CubeIDE.app/Contents/Eclipse/plugins/com.st.stm32cube.ide.mcu.externaltools.gnu-tools-for-stm32.7-2018-q2-update.macos64_1.0.0.201904181610/tools/bin/../lib/gcc/arm-none-eabi/7.3.1/thumb/v7e-m/crtn.o
OUTPUT(stm32f4xx-drivers.elf elf32-littlearm)

.debug_info     0x0000000000000000     0x1ad8
 .debug_info    0x0000000000000000      0xe35 Src/006spi_cmd_handling.o
 .debug_info    0x0000000000000e35       0x22 Startup/startup_stm32f407vgtx.o
 .debug_info    0x0000000000000e57      0x723 drivers/src/gpio_driver.o
 .debug_info    0x000000000000157a      0x55e drivers/src/spi_driver.o

.debug_abbrev   0x0000000000000000      0x513
 .debug_abbrev  0x0000000000000000      0x22b Src/006spi_cmd_handling.o
 .debug_abbrev  0x000000000000022b       0x12 Startup/startup_stm32f407vgtx.o
 .debug_abbrev  0x000000000000023d      0x177 drivers/src/gpio_driver.o
 .debug_abbrev  0x00000000000003b4      0x15f drivers/src/spi_driver.o

.debug_aranges  0x0000000000000000      0x140
 .debug_aranges
                0x0000000000000000       0x48 Src/006spi_cmd_handling.o
 .debug_aranges
                0x0000000000000048       0x28 Startup/startup_stm32f407vgtx.o
 .debug_aranges
                0x0000000000000070       0x70 drivers/src/gpio_driver.o
 .debug_aranges
                0x00000000000000e0       0x60 drivers/src/spi_driver.o

.debug_ranges   0x0000000000000000      0x108
 .debug_ranges  0x0000000000000000       0x38 Src/006spi_cmd_handling.o
 .debug_ranges  0x0000000000000038       0x20 Startup/startup_stm32f407vgtx.o
 .debug_ranges  0x0000000000000058       0x60 drivers/src/gpio_driver.o
 .debug_ranges  0x00000000000000b8       0x50 drivers/src/spi_driver.o

.debug_macro    0x0000000000000000     0x20db
 .debug_macro   0x0000000000000000      0x1a8 Src/006spi_cmd_handling.o
 .debug_macro   0x00000000000001a8      0xa48 Src/006spi_cmd_handling.o
 .debug_macro   0x0000000000000bf0       0x22 Src/006spi_cmd_handling.o
 .debug_macro   0x0000000000000c12       0x8e Src/006spi_cmd_handling.o
 .debug_macro   0x0000000000000ca0       0x51 Src/006spi_cmd_handling.o
 .debug_macro   0x0000000000000cf1       0xef Src/006spi_cmd_handling.o
 .debug_macro   0x0000000000000de0       0x6a Src/006spi_cmd_handling.o
 .debug_macro   0x0000000000000e4a      0x1df Src/006spi_cmd_handling.o
 .debug_macro   0x0000000000001029      0x4e8 Src/006spi_cmd_handling.o
 .debug_macro   0x0000000000001511       0xf8 Src/006spi_cmd_handling.o
 .debug_macro   0x0000000000001609       0xc4 Src/006spi_cmd_handling.o
 .debug_macro   0x00000000000016cd       0x46 Src/006spi_cmd_handling.o
 .debug_macro   0x0000000000001713       0x18 Src/006spi_cmd_handling.o
 .debug_macro   0x000000000000172b       0x3c Src/006spi_cmd_handling.o
 .debug_macro   0x0000000000001767       0x34 Src/006spi_cmd_handling.o
 .debug_macro   0x000000000000179b      0x174 Src/006spi_cmd_handling.o
 .debug_macro   0x000000000000190f       0x52 Src/006spi_cmd_handling.o
 .debug_macro   0x0000000000001961       0x1f Src/006spi_cmd_handling.o
 .debug_macro   0x0000000000001980       0x43 Src/006spi_cmd_handling.o
 .debug_macro   0x00000000000019c3       0x20 Src/006spi_cmd_handling.o
 .debug_macro   0x00000000000019e3      0x1a3 Src/006spi_cmd_handling.o
 .debug_macro   0x0000000000001b86      0x330 Src/006spi_cmd_handling.o
 .debug_macro   0x0000000000001eb6       0x10 Src/006spi_cmd_handling.o
 .debug_macro   0x0000000000001ec6       0x35 Src/006spi_cmd_handling.o
 .debug_macro   0x0000000000001efb       0x20 Src/006spi_cmd_handling.o
 .debug_macro   0x0000000000001f1b       0x81 drivers/src/gpio_driver.o
 .debug_macro   0x0000000000001f9c       0x81 drivers/src/spi_driver.o
 .debug_macro   0x000000000000201d       0xbe drivers/src/spi_driver.o

.debug_line     0x0000000000000000     0x12a0
 .debug_line    0x0000000000000000      0x6a3 Src/006spi_cmd_handling.o
 .debug_line    0x00000000000006a3       0x84 Startup/startup_stm32f407vgtx.o
 .debug_line    0x0000000000000727      0x65b drivers/src/gpio_driver.o
 .debug_line    0x0000000000000d82      0x51e drivers/src/spi_driver.o

.debug_str      0x0000000000000000     0x977b
 .debug_str     0x0000000000000000     0x9484 Src/006spi_cmd_handling.o
                                       0x96e6 (size before relaxing)
 .debug_str     0x0000000000009484       0x31 Startup/startup_stm32f407vgtx.o
                                         0x6d (size before relaxing)
 .debug_str     0x00000000000094b5      0x1d3 drivers/src/gpio_driver.o
                                       0x5ff1 (size before relaxing)
 .debug_str     0x0000000000009688       0xf3 drivers/src/spi_driver.o
                                       0x5f4c (size before relaxing)

.comment        0x0000000000000000       0x7b
 .comment       0x0000000000000000       0x7b Src/006spi_cmd_handling.o
                                         0x7c (size before relaxing)
 .comment       0x000000000000007b       0x7c drivers/src/gpio_driver.o
 .comment       0x000000000000007b       0x7c drivers/src/spi_driver.o

.debug_frame    0x0000000000000000      0x454
 .debug_frame   0x0000000000000000       0xf0 Src/006spi_cmd_handling.o
 .debug_frame   0x00000000000000f0      0x1c8 drivers/src/gpio_driver.o
 .debug_frame   0x00000000000002b8      0x170 drivers/src/spi_driver.o
 .debug_frame   0x0000000000000428       0x2c /Applications/STM32CubeIDE.app/Contents/Eclipse/plugins/com.st.stm32cube.ide.mcu.externaltools.gnu-tools-for-stm32.7-2018-q2-update.macos64_1.0.0.201904181610/tools/bin/../lib/gcc/arm-none-eabi/7.3.1/../../../../arm-none-eabi/lib/thumb/v7e-m/libc_nano.a(lib_a-init.o)
